// Jest Snapshot v1, https://goo.gl/fbAQLP

exports[`Renders song list if data is fetched 1`] = `
<div
  className="ant-list ant-list-split"
>
  <div
    className="ant-spin-nested-loading"
  >
    <div
      className="ant-spin-container"
    >
      <div
        className="ant-list-empty-text"
      >
        <div
          className="ant-empty ant-empty-normal"
        >
          <div
            className="ant-empty-image"
          >
            <svg
              className="ant-empty-img-simple"
              height="41"
              viewBox="0 0 64 41"
              width="64"
              xmlns="http://www.w3.org/2000/svg"
            >
              <g
                fill="none"
                fillRule="evenodd"
                transform="translate(0 1)"
              >
                <ellipse
                  className="ant-empty-img-simple-ellipse"
                  cx="32"
                  cy="33"
                  rx="32"
                  ry="7"
                />
                <g
                  className="ant-empty-img-simple-g"
                  fillRule="nonzero"
                >
                  <path
                    d="M55 12.76L44.854 1.258C44.367.474 43.656 0 42.907 0H21.093c-.749 0-1.46.474-1.947 1.257L9 12.761V22h46v-9.24z"
                  />
                  <path
                    className="ant-empty-img-simple-path"
                    d="M41.613 15.931c0-1.605.994-2.93 2.227-2.931H55v18.137C55 33.26 53.68 35 52.05 35h-40.1C10.32 35 9 33.259 9 31.137V13h11.16c1.233 0 2.227 1.323 2.227 2.928v.022c0 1.605 1.005 2.901 2.237 2.901h14.752c1.232 0 2.237-1.308 2.237-2.913v-.007z"
                  />
                </g>
              </g>
            </svg>
          </div>
          <p
            className="ant-empty-description"
          >
            No Data
          </p>
        </div>
      </div>
    </div>
  </div>
</div>
`;

exports[`Renders spinner if fetching 1`] = `
<div
  className="sc-AxjAm eKEhHX"
>
  <div
    className="ant-spin ant-spin-spinning"
  >
    <span
      aria-label="loading"
      className="anticon anticon-loading ant-spin-dot"
      role="img"
      style={
        Object {
          "fontSize": 24,
        }
      }
    >
      <svg
        aria-hidden="true"
        className="anticon-spin"
        data-icon="loading"
        fill="currentColor"
        focusable="false"
        height="1em"
        viewBox="0 0 1024 1024"
        width="1em"
      >
        <path
          d="M988 548c-19.9 0-36-16.1-36-36 0-59.4-11.6-117-34.6-171.3a440.45 440.45 0 00-94.3-139.9 437.71 437.71 0 00-139.9-94.3C629 83.6 571.4 72 512 72c-19.9 0-36-16.1-36-36s16.1-36 36-36c69.1 0 136.2 13.5 199.3 40.3C772.3 66 827 103 874 150c47 47 83.9 101.8 109.7 162.7 26.7 63.1 40.2 130.2 40.2 199.3.1 19.9-16 36-35.9 36z"
        />
      </svg>
    </span>
  </div>
</div>
`;
